Microchip MPLAB XC8 Compiler V2.32

Linker command line:

-W-3 --edf=C:\Program Files\Microchip\xc8\v2.32\pic\dat\en_msgs.txt \
  -pivt0x8=08h -cn \
  -h+dist/default/production\18f47k42_-_piston.X.production.sym \
  --cmf=dist/default/production\18f47k42_-_piston.X.production.cmf -z \
  -Q18F47K42 -oC:\Users\rdfor\AppData\Local\Temp\xcAsdbg.4 \
  --defsym=__MPLAB_BUILD=1 \
  -Mdist/default/production/18f47k42_-_piston.X.production.map -E1 \
  -ver=XC8 Compiler --acfsm=1493 -ASTACK=0C8h-01FFFh -pstack=STACK \
  -ACODE=00h-01FFFFh -ACONST=00h-01FFFFh -ASMALLCONST=02000h-020FFhx480 \
  -AMEDIUMCONST=02000h-0FFFFh,012000h-01FFFFh -ACOMRAM=01h-05Fh \
  -AABS1=00h-01FFFh -ABIGRAM=01h-01FFFh -ARAM=060h-0FFh,0100h-01FFhx31 \
  -ABANK0=060h-0FFh -ABANK1=0100h-01FFh -ABANK2=0200h-02FFh \
  -ABANK3=0300h-03FFh -ABANK4=0400h-04FFh -ABANK5=0500h-05FFh \
  -ABANK6=0600h-06FFh -ABANK7=0700h-07FFh -ABANK8=0800h-08FFh \
  -ABANK9=0900h-09FFh -ABANK10=0A00h-0AFFh -ABANK11=0B00h-0BFFh \
  -ABANK12=0C00h-0CFFh -ABANK13=0D00h-0DFFh -ABANK14=0E00h-0EFFh \
  -ABANK15=0F00h-0FFFh -ABANK16=01000h-010FFh -ABANK17=01100h-011FFh \
  -ABANK18=01200h-012FFh -ABANK19=01300h-013FFh -ABANK20=01400h-014FFh \
  -ABANK21=01500h-015FFh -ABANK22=01600h-016FFh -ABANK23=01700h-017FFh \
  -ABANK24=01800h-018FFh -ABANK25=01900h-019FFh -ABANK26=01A00h-01AFFh \
  -ABANK27=01B00h-01BFFh -ABANK28=01C00h-01CFFh -ABANK29=01D00h-01DFFh \
  -ABANK30=01E00h-01EFFh -ABANK31=01F00h-01FFFh \
  -ASFR=03800h-038FFhx7,03F00h-03F5Fh,03F60h-03FFFh \
  -ACONFIG=0300000h-0300009h -AIDLOC=0200000h-020000Fh \
  -AEEDATA=0310000h-03103FFh -peeprom_data=EEDATA -preset_vec=00h \
  -ppowerup=CODE,init -pramtop=02000h -psmallconst=SMALLCONST \
  -pmediumconst=MEDIUMCONST -pconst=CONST -AFARRAM=00h-00h \
  -prdata=COMRAM,nvrram=COMRAM,nvbit=COMRAM,rbss=COMRAM,rbit=COMRAM \
  -pfarbss=FARRAM,fardata=FARRAM,nvFARRAM=FARRAM \
  -pintsave_regs=BIGRAM,bigbss=BIGRAM,bigdata=BIGRAM -pbss=RAM \
  -pidata=CODE,irdata=CODE,ibigdata=CODE,ifardata=CODE -prparam=COMRAM \
  C:\Users\rdfor\AppData\Local\Temp\xcAsdbg.o \
  dist/default/production\18f47k42_-_piston.X.production.o 

Object code version is 3.11

Machine type is 18F47K42



                Name                               Link     Load   Length Selector   Space Scale
C:\Users\rdfor\AppData\Local\Temp\xcAsdbg.o
                idloc                            200000   200000       10        0       5
                config                           300000   300000        A        0       4
                init                                 1A       1A        4        4       0
                reset_vec                             0        0        4        0       0
dist/default/production\18f47k42_-_piston.X.production.o
                idloc                            200000   200000       10        0       5
                config                           300000   300000        A        0       4
                smallconst                         2000     2000       AA     1000       0
                ivt0x8                                8        8       12        4       0
                text38                             3DEE     3DEE       10     1055       0
                text37                             3E62     3E62        2     1055       0
                text36                             3CC4     3CC4       32     1055       0
                text35                             3E40     3E40        A     1055       0
                text34                             3E58     3E58        6     1055       0
                text33                             3E52     3E52        6     1055       0
                text32                             3AB8     3AB8       70     1055       0
                text31                             3E28     3E28        E     1055       0
                text30                             3DA0     3DA0       1C     1055       0
                text29                             3E5E     3E5E        4     1055       0
                text28                             3DD6     3DD6       18     1055       0
                text27                             3908     3908       A6     1055       0
                text26                             3D42     3D42       24     1055       0
                text25                             3C92     3C92       32     1055       0
                text24                             3D66     3D66       1E     1055       0
                text23                             3D84     3D84       1C     1055       0
                text22                             3E1A     3E1A        E     1055       0
                text21                             3E0C     3E0C        E     1055       0
                text20                             3DFE     3DFE        E     1055       0
                text19                             3A44     3A44       74     1055       0
                text18                             3D1C     3D1C       26     1055       0
                text17                             20AA     20AA      4C0     1055       0
                text16                             2A0A     2A0A      39A     1055       0
                text15                             373C     373C      106     1055       0
                text14                             329C     329C      1B4     1055       0
                text13                             3450     3450      188     1055       0
                text12                             35D8     35D8      164     1055       0
                text11                             3C18     3C18       40     1055       0
                text10                             3DBC     3DBC       1A     1055       0
                text9                              3E36     3E36        A     1055       0
                text8                              39AE     39AE       96     1055       0
                text7                              3B92     3B92       44     1055       0
                text6                              3C58     3C58       3A     1055       0
                text5                              3842     3842       C6     1055       0
                text4                              2DA4     2DA4      2E4     1055       0
                text3                              3088     3088      214     1055       0
                text2                              3B28     3B28       6A     1055       0
                text1                              3CF6     3CF6       26     1055       0
                text0                              256A     256A      4A0     1055       0
                cstackCOMRAM                          1        1       5E        1       1
                cstackBANK0                          C0       C0        8       60       1
                dataBANK0                            B8       B8        8       60       1
                bssBANK0                             60       60       4C       60       1
                bssCOMRAM                            5F       5F        1        1       1
                cinit                              3BD6     3BD6       42     1055       0
                nvBANK0                              AC       AC        C       60       1
                idataBANK0                         3E4A     3E4A        8     1055       0

TOTAL           Name                               Link     Load   Length     Space
        CLASS   STACK          

        CLASS   CODE           
                init                                 1A       1A        4         0
                reset_vec                             0        0        4         0
                ivt0x8                                8        8       12         0
                text38                             3DEE     3DEE       10         0
                text37                             3E62     3E62        2         0
                text36                             3CC4     3CC4       32         0
                text35                             3E40     3E40        A         0
                text34                             3E58     3E58        6         0
                text33                             3E52     3E52        6         0
                text32                             3AB8     3AB8       70         0
                text31                             3E28     3E28        E         0
                text30                             3DA0     3DA0       1C         0
                text29                             3E5E     3E5E        4         0
                text28                             3DD6     3DD6       18         0
                text27                             3908     3908       A6         0
                text26                             3D42     3D42       24         0
                text25                             3C92     3C92       32         0
                text24                             3D66     3D66       1E         0
                text23                             3D84     3D84       1C         0
                text22                             3E1A     3E1A        E         0
                text21                             3E0C     3E0C        E         0
                text20                             3DFE     3DFE        E         0
                text19                             3A44     3A44       74         0
                text18                             3D1C     3D1C       26         0
                text17                             20AA     20AA      4C0         0
                text16                             2A0A     2A0A      39A         0
                text15                             373C     373C      106         0
                text14                             329C     329C      1B4         0
                text13                             3450     3450      188         0
                text12                             35D8     35D8      164         0
                text11                             3C18     3C18       40         0
                text10                             3DBC     3DBC       1A         0
                text9                              3E36     3E36        A         0
                text8                              39AE     39AE       96         0
                text7                              3B92     3B92       44         0
                text6                              3C58     3C58       3A         0
                text5                              3842     3842       C6         0
                text4                              2DA4     2DA4      2E4         0
                text3                              3088     3088      214         0
                text2                              3B28     3B28       6A         0
                text1                              3CF6     3CF6       26         0
                text0                              256A     256A      4A0         0
                cinit                              3BD6     3BD6       42         0
                idataBANK0                         3E4A     3E4A        8         0

        CLASS   CONST          

        CLASS   SMALLCONST     
                smallconst                         2000     2000       AA         0

        CLASS   MEDIUMCONST    

        CLASS   COMRAM         
                cstackCOMRAM                          1        1       5E         1
                bssCOMRAM                            5F       5F        1         1

        CLASS   ABS1           

        CLASS   BIGRAM         

        CLASS   RAM            

        CLASS   BANK0          
                cstackBANK0                          C0       C0        8         1
                dataBANK0                            B8       B8        8         1
                bssBANK0                             60       60       4C         1
                nvBANK0                              AC       AC        C         1

        CLASS   BANK1          

        CLASS   BANK2          

        CLASS   BANK3          

        CLASS   BANK4          

        CLASS   BANK5          

        CLASS   BANK6          

        CLASS   BANK7          

        CLASS   BANK8          

        CLASS   BANK9          

        CLASS   BANK10         

        CLASS   BANK11         

        CLASS   BANK12         

        CLASS   BANK13         

        CLASS   BANK14         

        CLASS   BANK15         

        CLASS   BANK16         

        CLASS   BANK17         

        CLASS   BANK18         

        CLASS   BANK19         

        CLASS   BANK20         

        CLASS   BANK21         

        CLASS   BANK22         

        CLASS   BANK23         

        CLASS   BANK24         

        CLASS   BANK25         

        CLASS   BANK26         

        CLASS   BANK27         

        CLASS   BANK28         

        CLASS   BANK29         

        CLASS   BANK30         

        CLASS   BANK31         

        CLASS   SFR            

        CLASS   CONFIG         
                config                           300000   300000        A         4

        CLASS   IDLOC          
                idloc                            200000   200000       10         5

        CLASS   EEDATA         

        CLASS   FARRAM         



SEGMENTS        Name                           Load    Length   Top    Selector   Space  Class

                reset_vec                      000000  000004  000004         0       0  CODE    
                cstackCOMRAM                   000001  00005F  000060         1       1  COMRAM  
                ivt0x8                         000008  000016  00001E         4       0  CODE    
                bssBANK0                       000060  000068  0000C8        60       1  BANK0   
                smallconst                     002000  0000AA  0020AA      1000       0  SMALLCON
                text17                         0020AA  001DBA  003E64      1055       0  CODE    


UNUSED ADDRESS RANGES

        Name                Unused          Largest block    Delta
        BANK0            0000C8-0000FF               38
        BANK1            000100-0001FF              100
        BANK10           000A00-000AFF              100
        BANK11           000B00-000BFF              100
        BANK12           000C00-000CFF              100
        BANK13           000D00-000DFF              100
        BANK14           000E00-000EFF              100
        BANK15           000F00-000FFF              100
        BANK16           001000-0010FF              100
        BANK17           001100-0011FF              100
        BANK18           001200-0012FF              100
        BANK19           001300-0013FF              100
        BANK2            000200-0002FF              100
        BANK20           001400-0014FF              100
        BANK21           001500-0015FF              100
        BANK22           001600-0016FF              100
        BANK23           001700-0017FF              100
        BANK24           001800-0018FF              100
        BANK25           001900-0019FF              100
        BANK26           001A00-001AFF              100
        BANK27           001B00-001BFF              100
        BANK28           001C00-001CFF              100
        BANK29           001D00-001DFF              100
        BANK3            000300-0003FF              100
        BANK30           001E00-001EFF              100
        BANK31           001F00-001FFF              100
        BANK4            000400-0004FF              100
        BANK5            000500-0005FF              100
        BANK6            000600-0006FF              100
        BANK7            000700-0007FF              100
        BANK8            000800-0008FF              100
        BANK9            000900-0009FF              100
        BIGRAM           0000C8-001FFF             1F38
        CODE             000004-000007                4
                         00001E-001FFF             1FE2
                         003E64-01FFFF            1C19C
        CONST            000004-000007                4
                         00001E-001FFF             1FE2
                         003E64-01FFFF            1C19C
        EEDATA           310000-3103FF              400
        MEDIUMCONST      003E64-00FFFF             C19C
                         012000-01FFFF             E000
        RAM              0000C8-001FFF              100
        SFR              003800-003FFF              100
        SMALLCONST       003E64-01FFFF              100
        STACK            0000C8-001FFF             1F38

                                  Symbol Table

?___aodiv                                     cstackCOMRAM 000001
?___aomod                                     cstackCOMRAM 000001
?___fladd                                     cstackCOMRAM 000028
?___fldiv                                     cstackCOMRAM 00000F
?___fltol                                     cstackCOMRAM 000038
?___xxtofl                                    cstackCOMRAM 000001
?_abs                                         cstackCOMRAM 000013
?_dtoa                                        cstackCOMRAM 00001E
?_pad                                         cstackCOMRAM 000013
?_printf                                      cstackBANK0  0000C0
?_strlen                                      cstackCOMRAM 000001
?_vfpfcnvrt                                   cstackCOMRAM 000042
?_vfprintf                                    cstackCOMRAM 000052
INT0_SetInterruptHandler@InterruptHandler     cstackCOMRAM 000001
IVTBASEH                                      (abs)        003FD6
IVTBASEL                                      (abs)        003FD5
IVTBASEU                                      (abs)        003FD7
UART1_SetErrorHandler@interruptHandler        cstackCOMRAM 000001
UART1_SetFramingErrorHandler@interruptHandler cstackCOMRAM 000001
UART1_SetOverrunErrorHandler@interruptHandler cstackCOMRAM 000001
UART1_Write@txData                            cstackCOMRAM 000001
_ANSELA                                       (abs)        003A40
_ANSELB                                       (abs)        003A50
_ANSELC                                       (abs)        003A60
_ANSELD                                       (abs)        003A70
_ANSELE                                       (abs)        003A80
_Counter                                      bssBANK0     00007C
_EXT_INT_Initialize                           text30       003DA0
_INLVLA                                       (abs)        003A44
_INLVLB                                       (abs)        003A54
_INLVLC                                       (abs)        003A64
_INLVLD                                       (abs)        003A74
_INLVLE                                       (abs)        003A84
_INT0PPS                                      (abs)        003AC0
_INT0_CallBack                                text36       003CC4
_INT0_DefaultInterruptHandler                 text37       003E62
_INT0_ISR                                     text35       003E40
_INT0_InterruptHandler                        nvBANK0      0000AC
_INT0_SetInterruptHandler                     text31       003E28
_INTCON0bits                                  (abs)        003FD2
_INTERRUPT_Initialize                         text29       003E5E
_INTERRUPT_InterruptManager                   text32       003AB8
_LATA                                         (abs)        003FBA
_LATAbits                                     (abs)        003FBA
_LATB                                         (abs)        003FBB
_LATC                                         (abs)        003FBC
_LATD                                         (abs)        003FBD
_LATE                                         (abs)        003FBE
_LATEbits                                     (abs)        003FBE
_ODCONA                                       (abs)        003A42
_ODCONB                                       (abs)        003A52
_ODCONC                                       (abs)        003A62
_ODCOND                                       (abs)        003A72
_ODCONE                                       (abs)        003A82
_OSCCON1                                      (abs)        0039D9
_OSCCON3                                      (abs)        0039DB
_OSCEN                                        (abs)        0039DD
_OSCFRQ                                       (abs)        0039DF
_OSCILLATOR_Initialize                        text28       003DD6
_OSCTUNE                                      (abs)        0039DE
_PIE1bits                                     (abs)        003991
_PIN_MANAGER_Initialize                       text27       003908
_PIR1bits                                     (abs)        0039A1
_PIR3bits                                     (abs)        0039A3
_PIR4bits                                     (abs)        0039A4
_PIR7bits                                     (abs)        0039A7
_PMD0                                         (abs)        0039C0
_PMD1                                         (abs)        0039C1
_PMD2                                         (abs)        0039C2
_PMD3                                         (abs)        0039C3
_PMD4                                         (abs)        0039C4
_PMD5                                         (abs)        0039C5
_PMD6                                         (abs)        0039C6
_PMD7                                         (abs)        0039C7
_PMD_Initialize                               text26       003D42
_PR2                                          (abs)        003FAB
_PR4                                          (abs)        003F9F
_Period                                       bssBANK0     000064
_RB1I2C                                       (abs)        003A5A
_RB2I2C                                       (abs)        003A5B
_RB2PPS                                       (abs)        003A0A
_RC3I2C                                       (abs)        003A6A
_RC4I2C                                       (abs)        003A6B
_RD0I2C                                       (abs)        003A7A
_RD1I2C                                       (abs)        003A7B
_SLRCONA                                      (abs)        003A43
_SLRCONB                                      (abs)        003A53
_SLRCONC                                      (abs)        003A63
_SLRCOND                                      (abs)        003A73
_SLRCONE                                      (abs)        003A83
_SMT1CLK                                      (abs)        003F21
_SMT1CON0                                     (abs)        003F1E
_SMT1CON0bits                                 (abs)        003F1E
_SMT1CON1                                     (abs)        003F1F
_SMT1CON1bits                                 (abs)        003F1F
_SMT1CPR                                      (abs)        003F15
_SMT1CPW                                      (abs)        003F18
_SMT1PR                                       (abs)        003F1B
_SMT1PRH                                      (abs)        003F1C
_SMT1PRL                                      (abs)        003F1B
_SMT1PRU                                      (abs)        003F1D
_SMT1SIG                                      (abs)        003F22
_SMT1SIGPPS                                   (abs)        003AD2
_SMT1STAT                                     (abs)        003F20
_SMT1STATbits                                 (abs)        003F20
_SMT1TMR                                      (abs)        003F12
_SMT1WIN                                      (abs)        003F23
_SMT1WINPPS                                   (abs)        003AD1
_SMT1_Initialize                              text25       003C92
_SMT1_PR_ACQ_ISR                              text34       003E58
_SMT1_PW_ACQ_ISR                              text33       003E52
_SYSTEM_Initialize                            text18       003D1C
_T2CLKCON                                     (abs)        003FAE
_T2CON                                        (abs)        003FAC
_T2CONbits                                    (abs)        003FAC
_T2HLT                                        (abs)        003FAD
_T2HLTbits                                    (abs)        003FAD
_T2PR                                         (abs)        003FAB
_T2RST                                        (abs)        003FAF
_T2RSTbits                                    (abs)        003FAF
_T2TMR                                        (abs)        003FAA
_T4CLKCON                                     (abs)        003FA2
_T4CON                                        (abs)        003FA0
_T4CONbits                                    (abs)        003FA0
_T4HLT                                        (abs)        003FA1
_T4HLTbits                                    (abs)        003FA1
_T4PR                                         (abs)        003F9F
_T4RST                                        (abs)        003FA3
_T4RSTbits                                    (abs)        003FA3
_T4TMR                                        (abs)        003F9E
_TMR2                                         (abs)        003FAA
_TMR2_Initialize                              text24       003D66
_TMR4                                         (abs)        003F9E
_TMR4_Initialize                              text23       003D84
_TRISA                                        (abs)        003FC2
_TRISB                                        (abs)        003FC3
_TRISC                                        (abs)        003FC4
_TRISD                                        (abs)        003FC5
_TRISE                                        (abs)        003FC6
_Timer                                        bssBANK0     000060
_U1BRGH                                       (abs)        003DF6
_U1BRGL                                       (abs)        003DF5
_U1CON0                                       (abs)        003DF2
_U1CON0bits                                   (abs)        003DF2
_U1CON1                                       (abs)        003DF3
_U1CON2                                       (abs)        003DF4
_U1ERRIE                                      (abs)        003DFA
_U1ERRIR                                      (abs)        003DF9
_U1ERRIRbits                                  (abs)        003DF9
_U1FIFO                                       (abs)        003DF7
_U1P1H                                        (abs)        003DED
_U1P1L                                        (abs)        003DEC
_U1P2H                                        (abs)        003DEF
_U1P2L                                        (abs)        003DEE
_U1P3H                                        (abs)        003DF1
_U1P3L                                        (abs)        003DF0
_U1RXB                                        (abs)        003DE8
_U1RXPPS                                      (abs)        003AE5
_U1TXB                                        (abs)        003DEA
_U1UIR                                        (abs)        003DF8
_UART1_DefaultErrorHandler                    (abs)        000000
_UART1_DefaultFramingErrorHandler             (abs)        000000
_UART1_DefaultOverrunErrorHandler             (abs)        000000
_UART1_ErrorHandler                           nvBANK0      0000AF
_UART1_FramingErrorHandler                    nvBANK0      0000B5
_UART1_Initialize                             text19       003A44
_UART1_OverrunErrorHandler                    nvBANK0      0000B2
_UART1_SetErrorHandler                        text22       003E1A
_UART1_SetFramingErrorHandler                 text21       003E0C
_UART1_SetOverrunErrorHandler                 text20       003DFE
_UART1_Write                                  text10       003DBC
_WPUA                                         (abs)        003A41
_WPUB                                         (abs)        003A51
_WPUC                                         (abs)        003A61
_WPUD                                         (abs)        003A71
_WPUE                                         (abs)        003A81
_Width                                        dataBANK0    0000B8
__HRAM                                        (abs)        000000
__Habs1                                       abs1         000000
__Hbank0                                      bank0        000000
__Hbank1                                      bank1        000000
__Hbank10                                     bank10       000000
__Hbank11                                     bank11       000000
__Hbank12                                     bank12       000000
__Hbank13                                     bank13       000000
__Hbank14                                     bank14       000000
__Hbank15                                     bank15       000000
__Hbank16                                     bank16       000000
__Hbank17                                     bank17       000000
__Hbank18                                     bank18       000000
__Hbank19                                     bank19       000000
__Hbank2                                      bank2        000000
__Hbank20                                     bank20       000000
__Hbank21                                     bank21       000000
__Hbank22                                     bank22       000000
__Hbank23                                     bank23       000000
__Hbank24                                     bank24       000000
__Hbank25                                     bank25       000000
__Hbank26                                     bank26       000000
__Hbank27                                     bank27       000000
__Hbank28                                     bank28       000000
__Hbank29                                     bank29       000000
__Hbank3                                      bank3        000000
__Hbank30                                     bank30       000000
__Hbank31                                     bank31       000000
__Hbank4                                      bank4        000000
__Hbank5                                      bank5        000000
__Hbank6                                      bank6        000000
__Hbank7                                      bank7        000000
__Hbank8                                      bank8        000000
__Hbank9                                      bank9        000000
__Hbigbss                                     bigbss       000000
__Hbigdata                                    bigdata      000000
__Hbigram                                     bigram       000000
__Hbss                                        bss          000000
__HbssBANK0                                   bssBANK0     000000
__HbssCOMRAM                                  bssCOMRAM    000000
__Hcinit                                      cinit        000000
__Hclrtext                                    clrtext      000000
__Hcomram                                     comram       000000
__Hconfig                                     config       30000A
__Hconst                                      const        000000
__HcstackBANK0                                cstackBANK0  000000
__HcstackCOMRAM                               cstackCOMRAM 000000
__Hdata                                       data         000000
__HdataBANK0                                  dataBANK0    000000
__Heeprom_data                                eeprom_data  000000
__Hfarbss                                     farbss       000000
__Hfardata                                    fardata      000000
__Hibigdata                                   ibigdata     000000
__Hidata                                      idata        000000
__HidataBANK0                                 idataBANK0   000000
__Hidloc                                      idloc        200010
__Hifardata                                   ifardata     000000
__Hinit                                       init         00001E
__Hintsave_regs                               intsave_regs 000000
__Hirdata                                     irdata       000000
__Hivt0x8                                     ivt0x8       00001A
__Hmediumconst                                mediumconst  000000
__HnvBANK0                                    nvBANK0      000000
__HnvFARRAM                                   nvFARRAM     000000
__Hnvbit                                      nvbit        000000
__Hnvrram                                     nvrram       000000
__Hparam                                      rparam       000000
__Hpowerup                                    powerup      000000
__Hram                                        ram          000000
__Hramtop                                     ramtop       002000
__Hrbit                                       rbit         000000
__Hrbss                                       rbss         000000
__Hrdata                                      rdata        000000
__Hreset_vec                                  reset_vec    000004
__Hrparam                                     rparam       000000
__Hsfr                                        sfr          000000
__Hsmallconst                                 smallconst   0020AA
__Hspace_0                                    (abs)        003E64
__Hspace_1                                    (abs)        0000C8
__Hspace_2                                    (abs)        000000
__Hspace_4                                    (abs)        60000A
__Hstack                                      stack        000000
__Hstruct                                     struct       000000
__Htemp                                       temp         000000
__Htext                                       text         000000
__Htext0                                      text0        000000
__Htext1                                      text1        000000
__Htext10                                     text10       000000
__Htext11                                     text11       000000
__Htext12                                     text12       000000
__Htext13                                     text13       000000
__Htext14                                     text14       000000
__Htext15                                     text15       000000
__Htext16                                     text16       000000
__Htext17                                     text17       000000
__Htext18                                     text18       000000
__Htext19                                     text19       000000
__Htext2                                      text2        000000
__Htext20                                     text20       000000
__Htext21                                     text21       000000
__Htext22                                     text22       000000
__Htext23                                     text23       000000
__Htext24                                     text24       000000
__Htext25                                     text25       000000
__Htext26                                     text26       000000
__Htext27                                     text27       000000
__Htext28                                     text28       000000
__Htext29                                     text29       000000
__Htext3                                      text3        000000
__Htext30                                     text30       000000
__Htext31                                     text31       000000
__Htext32                                     text32       000000
__Htext33                                     text33       000000
__Htext34                                     text34       000000
__Htext35                                     text35       000000
__Htext36                                     text36       000000
__Htext37                                     text37       000000
__Htext38                                     text38       000000
__Htext39                                     text39       000000
__Htext4                                      text4        000000
__Htext5                                      text5        000000
__Htext6                                      text6        000000
__Htext7                                      text7        000000
__Htext8                                      text8        000000
__Htext9                                      text9        000000
__LRAM                                        (abs)        000001
__Labs1                                       abs1         000000
__Lbank0                                      bank0        000000
__Lbank1                                      bank1        000000
__Lbank10                                     bank10       000000
__Lbank11                                     bank11       000000
__Lbank12                                     bank12       000000
__Lbank13                                     bank13       000000
__Lbank14                                     bank14       000000
__Lbank15                                     bank15       000000
__Lbank16                                     bank16       000000
__Lbank17                                     bank17       000000
__Lbank18                                     bank18       000000
__Lbank19                                     bank19       000000
__Lbank2                                      bank2        000000
__Lbank20                                     bank20       000000
__Lbank21                                     bank21       000000
__Lbank22                                     bank22       000000
__Lbank23                                     bank23       000000
__Lbank24                                     bank24       000000
__Lbank25                                     bank25       000000
__Lbank26                                     bank26       000000
__Lbank27                                     bank27       000000
__Lbank28                                     bank28       000000
__Lbank29                                     bank29       000000
__Lbank3                                      bank3        000000
__Lbank30                                     bank30       000000
__Lbank31                                     bank31       000000
__Lbank4                                      bank4        000000
__Lbank5                                      bank5        000000
__Lbank6                                      bank6        000000
__Lbank7                                      bank7        000000
__Lbank8                                      bank8        000000
__Lbank9                                      bank9        000000
__Lbigbss                                     bigbss       000000
__Lbigdata                                    bigdata      000000
__Lbigram                                     bigram       000000
__Lbss                                        bss          000000
__LbssBANK0                                   bssBANK0     000000
__LbssCOMRAM                                  bssCOMRAM    000000
__Lcinit                                      cinit        000000
__Lclrtext                                    clrtext      000000
__Lcomram                                     comram       000000
__Lconfig                                     config       000000
__Lconst                                      const        000000
__LcstackBANK0                                cstackBANK0  000000
__LcstackCOMRAM                               cstackCOMRAM 000000
__Ldata                                       data         000000
__LdataBANK0                                  dataBANK0    000000
__Leeprom_data                                eeprom_data  000000
__Lfarbss                                     farbss       000000
__Lfardata                                    fardata      000000
__Libigdata                                   ibigdata     000000
__Lidata                                      idata        000000
__LidataBANK0                                 idataBANK0   000000
__Lidloc                                      idloc        000000
__Lifardata                                   ifardata     000000
__Linit                                       init         00001A
__Lintsave_regs                               intsave_regs 000000
__Lirdata                                     irdata       000000
__Livt0x8                                     ivt0x8       000008
__Lmediumconst                                mediumconst  000000
__LnvBANK0                                    nvBANK0      000000
__LnvFARRAM                                   nvFARRAM     000000
__Lnvbit                                      nvbit        000000
__Lnvrram                                     nvrram       000000
__Lparam                                      rparam       000000
__Lpowerup                                    powerup      000000
__Lram                                        ram          000000
__Lramtop                                     ramtop       002000
__Lrbit                                       rbit         000000
__Lrbss                                       rbss         000000
__Lrdata                                      rdata        000000
__Lreset_vec                                  reset_vec    000000
__Lrparam                                     rparam       000000
__Lsfr                                        sfr          000000
__Lsmallconst                                 smallconst   002000
__Lspace_0                                    (abs)        000000
__Lspace_1                                    (abs)        000000
__Lspace_2                                    (abs)        000000
__Lspace_4                                    (abs)        000000
__Lstack                                      stack        000000
__Lstruct                                     struct       000000
__Ltemp                                       temp         000000
__Ltext                                       text         000000
__Ltext0                                      text0        000000
__Ltext1                                      text1        000000
__Ltext10                                     text10       000000
__Ltext11                                     text11       000000
__Ltext12                                     text12       000000
__Ltext13                                     text13       000000
__Ltext14                                     text14       000000
__Ltext15                                     text15       000000
__Ltext16                                     text16       000000
__Ltext17                                     text17       000000
__Ltext18                                     text18       000000
__Ltext19                                     text19       000000
__Ltext2                                      text2        000000
__Ltext20                                     text20       000000
__Ltext21                                     text21       000000
__Ltext22                                     text22       000000
__Ltext23                                     text23       000000
__Ltext24                                     text24       000000
__Ltext25                                     text25       000000
__Ltext26                                     text26       000000
__Ltext27                                     text27       000000
__Ltext28                                     text28       000000
__Ltext29                                     text29       000000
__Ltext3                                      text3        000000
__Ltext30                                     text30       000000
__Ltext31                                     text31       000000
__Ltext32                                     text32       000000
__Ltext33                                     text33       000000
__Ltext34                                     text34       000000
__Ltext35                                     text35       000000
__Ltext36                                     text36       000000
__Ltext37                                     text37       000000
__Ltext38                                     text38       000000
__Ltext39                                     text39       000000
__Ltext4                                      text4        000000
__Ltext5                                      text5        000000
__Ltext6                                      text6        000000
__Ltext7                                      text7        000000
__Ltext8                                      text8        000000
__Ltext9                                      text9        000000
__S0                                          (abs)        003E64
__S1                                          (abs)        0000C8
__S2                                          (abs)        000000
__S4                                          (abs)        000000
__S5                                          (abs)        000000
___aodiv                                      text13       003450
___aodiv@counter                              cstackCOMRAM 000011
___aodiv@dividend                             cstackCOMRAM 000001
___aodiv@divisor                              cstackCOMRAM 000009
___aodiv@quotient                             cstackCOMRAM 000013
___aodiv@sign                                 cstackCOMRAM 000012
___aomod                                      text12       0035D8
___aomod@counter                              cstackCOMRAM 000011
___aomod@dividend                             cstackCOMRAM 000001
___aomod@divisor                              cstackCOMRAM 000009
___aomod@sign                                 cstackCOMRAM 000012
___fladd                                      text17       0020AA
___fladd@a                                    cstackCOMRAM 00002C
___fladd@aexp                                 cstackCOMRAM 000035
___fladd@b                                    cstackCOMRAM 000028
___fladd@bexp                                 cstackCOMRAM 000036
___fladd@grs                                  cstackCOMRAM 000037
___fladd@signs                                cstackCOMRAM 000034
___fldiv                                      text16       002A0A
___fldiv@a                                    cstackCOMRAM 000013
___fldiv@aexp                                 cstackCOMRAM 000027
___fldiv@b                                    cstackCOMRAM 00000F
___fldiv@bexp                                 cstackCOMRAM 000026
___fldiv@grs                                  cstackCOMRAM 000022
___fldiv@new_exp                              cstackCOMRAM 000020
___fldiv@rem                                  cstackCOMRAM 00001B
___fldiv@sign                                 cstackCOMRAM 00001F
___fltol                                      text15       00373C
___fltol@exp1                                 cstackCOMRAM 000041
___fltol@f1                                   cstackCOMRAM 000038
___fltol@sign1                                cstackCOMRAM 000040
___inthi_sp                                   stack        000000
___intlo_sp                                   stack        000000
___param_bank                                 (abs)        000000
___rparam_used                                (abs)        000001
___sp                                         stack        000000
___xxtofl                                     text14       00329C
___xxtofl@arg                                 cstackCOMRAM 00000B
___xxtofl@exp                                 cstackCOMRAM 00000A
___xxtofl@sign                                cstackCOMRAM 000009
___xxtofl@val                                 cstackCOMRAM 000001
__accesstop                                   (abs)        000060
__activetblptr                                (abs)        000003
__end_of_EXT_INT_Initialize                   text30       003DBC
__end_of_INT0_CallBack                        text36       003CF6
__end_of_INT0_DefaultInterruptHandler         text37       003E64
__end_of_INT0_ISR                             text35       003E4A
__end_of_INT0_SetInterruptHandler             text31       003E36
__end_of_INTERRUPT_Initialize                 text29       003E62
__end_of_INTERRUPT_InterruptManager           text32       003B28
__end_of_OSCILLATOR_Initialize                text28       003DEE
__end_of_PIN_MANAGER_Initialize               text27       0039AE
__end_of_PMD_Initialize                       text26       003D66
__end_of_SMT1_Initialize                      text25       003CC4
__end_of_SMT1_PR_ACQ_ISR                      text34       003E5E
__end_of_SMT1_PW_ACQ_ISR                      text33       003E58
__end_of_SYSTEM_Initialize                    text18       003D42
__end_of_TMR2_Initialize                      text24       003D84
__end_of_TMR4_Initialize                      text23       003DA0
__end_of_UART1_Initialize                     text19       003AB8
__end_of_UART1_SetErrorHandler                text22       003E28
__end_of_UART1_SetFramingErrorHandler         text21       003E1A
__end_of_UART1_SetOverrunErrorHandler         text20       003E0C
__end_of_UART1_Write                          text10       003DD6
__end_of___aodiv                              text13       0035D8
__end_of___aomod                              text12       00373C
__end_of___fladd                              text17       00256A
__end_of___fldiv                              text16       002DA4
__end_of___fltol                              text15       003842
__end_of___xxtofl                             text14       003450
__end_of__initialization                      cinit        003C12
__end_of_abs                                  text11       003C58
__end_of_counterHall_callback                 text38       003DFE
__end_of_dtoa                                 text4        003088
__end_of_fputc                                text8        003A44
__end_of_fputs                                text7        003BD6
__end_of_main                                 text0        002A0A
__end_of_pad                                  text5        003908
__end_of_printf                               text1        003D1C
__end_of_putch                                text9        003E40
__end_of_strlen                               text6        003C92
__end_of_vfpfcnvrt                            text3        00329C
__end_of_vfprintf                             text2        003B92
__initialization                              cinit        003BD6
__mediumconst                                 mediumconst  000000
__pbssBANK0                                   bssBANK0     000060
__pbssCOMRAM                                  bssCOMRAM    00005F
__pcinit                                      cinit        003BD6
__pcstackBANK0                                cstackBANK0  0000C0
__pcstackCOMRAM                               cstackCOMRAM 000001
__pdataBANK0                                  dataBANK0    0000B8
__pidataBANK0                                 idataBANK0   003E4A
__pivt0x8                                     ivt0x8       000008
__pnvBANK0                                    nvBANK0      0000AC
__psmallconst                                 smallconst   002000
__ptext0                                      text0        00256A
__ptext1                                      text1        003CF6
__ptext10                                     text10       003DBC
__ptext11                                     text11       003C18
__ptext12                                     text12       0035D8
__ptext13                                     text13       003450
__ptext14                                     text14       00329C
__ptext15                                     text15       00373C
__ptext16                                     text16       002A0A
__ptext17                                     text17       0020AA
__ptext18                                     text18       003D1C
__ptext19                                     text19       003A44
__ptext2                                      text2        003B28
__ptext20                                     text20       003DFE
__ptext21                                     text21       003E0C
__ptext22                                     text22       003E1A
__ptext23                                     text23       003D84
__ptext24                                     text24       003D66
__ptext25                                     text25       003C92
__ptext26                                     text26       003D42
__ptext27                                     text27       003908
__ptext28                                     text28       003DD6
__ptext29                                     text29       003E5E
__ptext3                                      text3        003088
__ptext30                                     text30       003DA0
__ptext31                                     text31       003E28
__ptext32                                     text32       003AB8
__ptext33                                     text33       003E52
__ptext34                                     text34       003E58
__ptext35                                     text35       003E40
__ptext36                                     text36       003CC4
__ptext37                                     text37       003E62
__ptext38                                     text38       003DEE
__ptext39                                     text39       000000
__ptext4                                      text4        002DA4
__ptext5                                      text5        003842
__ptext6                                      text6        003C58
__ptext7                                      text7        003B92
__ptext8                                      text8        0039AE
__ptext9                                      text9        003E36
__ramtop                                      ramtop       002000
__size_of_EXT_INT_Initialize                  (abs)        000000
__size_of_INT0_CallBack                       (abs)        000000
__size_of_INT0_DefaultInterruptHandler        (abs)        000000
__size_of_INT0_ISR                            (abs)        000000
__size_of_INT0_SetInterruptHandler            (abs)        000000
__size_of_INTERRUPT_Initialize                (abs)        000000
__size_of_INTERRUPT_InterruptManager          (abs)        000000
__size_of_OSCILLATOR_Initialize               (abs)        000000
__size_of_PIN_MANAGER_Initialize              (abs)        000000
__size_of_PMD_Initialize                      (abs)        000000
__size_of_SMT1_Initialize                     (abs)        000000
__size_of_SMT1_PR_ACQ_ISR                     (abs)        000000
__size_of_SMT1_PW_ACQ_ISR                     (abs)        000000
__size_of_SYSTEM_Initialize                   (abs)        000000
__size_of_TMR2_Initialize                     (abs)        000000
__size_of_TMR4_Initialize                     (abs)        000000
__size_of_UART1_Initialize                    (abs)        000000
__size_of_UART1_SetErrorHandler               (abs)        000000
__size_of_UART1_SetFramingErrorHandler        (abs)        000000
__size_of_UART1_SetOverrunErrorHandler        (abs)        000000
__size_of_UART1_Write                         (abs)        000000
__size_of___aodiv                             (abs)        000000
__size_of___aomod                             (abs)        000000
__size_of___fladd                             (abs)        000000
__size_of___fldiv                             (abs)        000000
__size_of___fltol                             (abs)        000000
__size_of___xxtofl                            (abs)        000000
__size_of_abs                                 (abs)        000000
__size_of_counterHall_callback                (abs)        000000
__size_of_dtoa                                (abs)        000000
__size_of_fputc                               (abs)        000000
__size_of_fputs                               (abs)        000000
__size_of_main                                (abs)        000000
__size_of_pad                                 (abs)        000000
__size_of_printf                              (abs)        000000
__size_of_putch                               (abs)        000000
__size_of_strlen                              (abs)        000000
__size_of_vfpfcnvrt                           (abs)        000000
__size_of_vfprintf                            (abs)        000000
__smallconst                                  smallconst   002000
_abs                                          text11       003C18
_analog                                       bssBANK0     000068
_band                                         bssBANK0     000088
_count                                        bssBANK0     00007E
_counterHall_callback                         text38       003DEE
_dbuf                                         bssBANK0     00008C
_dtoa                                         text4        002DA4
_dtoa$1987                                    cstackCOMRAM 000030
_duration                                     bssBANK0     00006C
_duration1                                    bssBANK0     000070
_errsig                                       bssBANK0     000084
_failsafe_count                               dataBANK0    0000BC
_flags                                        bssBANK0     00007A
_fputc                                        text8        0039AE
_fputs                                        text7        003B92
_ip_pulse                                     bssBANK0     000086
_lastState                                    bssBANK0     000080
_main                                         text0        00256A
_mody                                         bssBANK0     00008A
_nout                                         bssBANK0     000074
_pad                                          text5        003842
_prec                                         bssBANK0     000078
_printf                                       text1        003CF6
_putch                                        text9        003E36
_reverse                                      dataBANK0    0000BE
_state                                        bssBANK0     000082
_strlen                                       text6        003C58
_uart1RxLastError                             bssCOMRAM    00005F
_vfpfcnvrt                                    text3        003088
_vfprintf                                     text2        003B28
_width                                        bssBANK0     000076
abs@a                                         cstackCOMRAM 000013
dtoa@d                                        cstackCOMRAM 000020
dtoa@fp                                       cstackCOMRAM 00001E
dtoa@i                                        cstackCOMRAM 000040
dtoa@n                                        cstackCOMRAM 000038
dtoa@p                                        cstackCOMRAM 000032
dtoa@s                                        cstackCOMRAM 000036
dtoa@w                                        cstackCOMRAM 000034
end_of_initialization                         cinit        003C12
fputc@c                                       cstackCOMRAM 000003
fputc@fp                                      cstackCOMRAM 000005
fputs@c                                       cstackCOMRAM 000010
fputs@fp                                      cstackCOMRAM 00000E
fputs@i                                       cstackCOMRAM 000011
fputs@s                                       cstackCOMRAM 00000C
intlevel0                                     text         000000
intlevel1                                     text         000000
intlevel2                                     text         000000
intlevel3                                     text         000000
isa$std                                       (abs)        000001
isa$xinst                                     (abs)        000000
ivt0x8_base                                   ivt0x8       000008
pad@buf                                       cstackCOMRAM 000015
pad@fp                                        cstackCOMRAM 000013
pad@i                                         cstackCOMRAM 00001A
pad@p                                         cstackCOMRAM 000017
pad@w                                         cstackCOMRAM 00001C
printf@ap                                     cstackCOMRAM 00005A
printf@fmt                                    cstackBANK0  0000C0
putch@txData                                  cstackCOMRAM 000002
stackhi                                       (abs)        001FFF
stacklo                                       (abs)        0000C8
start                                         init         00001A
start_initialization                          cinit        003BD6
strlen@a                                      cstackCOMRAM 000003
strlen@s                                      cstackCOMRAM 000001
vfpfcnvrt@ap                                  cstackCOMRAM 000046
vfpfcnvrt@fmt                                 cstackCOMRAM 000044
vfpfcnvrt@fp                                  cstackCOMRAM 000042
vfpfcnvrt@ll                                  cstackCOMRAM 00004A
vfprintf@ap                                   cstackCOMRAM 000056
vfprintf@cfmt                                 cstackCOMRAM 000058
vfprintf@fmt                                  cstackCOMRAM 000054
vfprintf@fp                                   cstackCOMRAM 000052


MODULE INFORMATION

Module		Function		Class		Link	Load	Size
C:\Program Files\Microchip\xc8\v2.32\pic\sources\c99\common\sprcadd.c
		___fladd       		CODE           	20AA	0000	1216

C:\Program Files\Microchip\xc8\v2.32\pic\sources\c99\common\sprcadd.c estimated size: 1216

C:\Program Files\Microchip\xc8\v2.32\pic\sources\c99\common\doprnt.c
		_vfpfcnvrt     		CODE           	3088	0000	532
		_pad           		CODE           	3842	0000	198
		_dtoa          		CODE           	2DA4	0000	740
		_vfprintf      		CODE           	3B28	0000	106

C:\Program Files\Microchip\xc8\v2.32\pic\sources\c99\common\doprnt.c estimated size: 1576

mcc_generated_files/tmr4.c
		_TMR4_Initialize		CODE           	3D84	0000	28

mcc_generated_files/tmr4.c estimated size: 28

mcc_generated_files/tmr2.c
		_TMR2_Initialize		CODE           	3D66	0000	30

mcc_generated_files/tmr2.c estimated size: 30

mcc_generated_files/interrupt_manager.c
		_INTERRUPT_Initialize		CODE           	3E5E	0000	4
		_INTERRUPT_InterruptManager		CODE           	3AB8	0000	112

mcc_generated_files/interrupt_manager.c estimated size: 116

mcc_generated_files/pin_manager.c
		_PIN_MANAGER_Initialize		CODE           	3908	0000	166

mcc_generated_files/pin_manager.c estimated size: 166

C:\Program Files\Microchip\xc8\v2.32\pic\sources\c99\common\nf_fputs.c
		_fputs         		CODE           	3B92	0000	68

C:\Program Files\Microchip\xc8\v2.32\pic\sources\c99\common\nf_fputs.c estimated size: 68

C:\Program Files\Microchip\xc8\v2.32\pic\sources\c99\common\abs.c
		_abs           		CODE           	3C18	0000	64

C:\Program Files\Microchip\xc8\v2.32\pic\sources\c99\common\abs.c estimated size: 64

C:\Program Files\Microchip\xc8\v2.32\pic\sources\c99\common\aomod.c
		___aomod       		CODE           	35D8	0000	356

C:\Program Files\Microchip\xc8\v2.32\pic\sources\c99\common\aomod.c estimated size: 356

mcc_generated_files/uart1.c
		_UART1_Write   		CODE           	3DBC	0000	26
		_putch         		CODE           	3E36	0000	10
		_UART1_SetFramingErrorHandler		CODE           	3E0C	0000	14
		_UART1_SetOverrunErrorHandler		CODE           	3DFE	0000	14
		_UART1_Initialize		CODE           	3A44	0000	116
		_UART1_SetErrorHandler		CODE           	3E1A	0000	14

mcc_generated_files/uart1.c estimated size: 194

mcc_generated_files/ext_int.c
		_INT0_SetInterruptHandler		CODE           	3E28	0000	14
		_EXT_INT_Initialize		CODE           	3DA0	0000	28
		_INT0_DefaultInterruptHandler		CODE           	3E62	0000	2
		_INT0_CallBack 		CODE           	3CC4	0000	50
		_INT0_ISR      		CODE           	3E40	0000	10

mcc_generated_files/ext_int.c estimated size: 104

shared
		__initialization		CODE           	3BD6	0000	60

shared estimated size: 60

mcc_generated_files/smt1.c
		_SMT1_Initialize		CODE           	3C92	0000	50
		_SMT1_PR_ACQ_ISR		CODE           	3E58	0000	6
		_SMT1_PW_ACQ_ISR		CODE           	3E52	0000	6

mcc_generated_files/smt1.c estimated size: 62

mcc_generated_files/mcc.c
		_PMD_Initialize		CODE           	3D42	0000	36
		_OSCILLATOR_Initialize		CODE           	3DD6	0000	24
		_SYSTEM_Initialize		CODE           	3D1C	0000	38

mcc_generated_files/mcc.c estimated size: 98

C:\Program Files\Microchip\xc8\v2.32\pic\sources\c99\common\sprcdiv.c
		___fldiv       		CODE           	2A0A	0000	922

C:\Program Files\Microchip\xc8\v2.32\pic\sources\c99\common\sprcdiv.c estimated size: 922

C:\Program Files\Microchip\xc8\v2.32\pic\sources\c99\common\fltol.c
		___fltol       		CODE           	373C	0000	262

C:\Program Files\Microchip\xc8\v2.32\pic\sources\c99\common\fltol.c estimated size: 262

C:\Program Files\Microchip\xc8\v2.32\pic\sources\c99\common\xxtofl.c
		___xxtofl      		CODE           	329C	0000	436

C:\Program Files\Microchip\xc8\v2.32\pic\sources\c99\common\xxtofl.c estimated size: 436

C:\Program Files\Microchip\xc8\v2.32\pic\sources\c99\common\printf.c
		_printf        		CODE           	3CF6	0000	38

C:\Program Files\Microchip\xc8\v2.32\pic\sources\c99\common\printf.c estimated size: 38

C:\Program Files\Microchip\xc8\v2.32\pic\sources\c99\common\nf_fputc.c
		_fputc         		CODE           	39AE	0000	150

C:\Program Files\Microchip\xc8\v2.32\pic\sources\c99\common\nf_fputc.c estimated size: 150

C:\Program Files\Microchip\xc8\v2.32\pic\sources\c99\common\aodiv.c
		___aodiv       		CODE           	3450	0000	392

C:\Program Files\Microchip\xc8\v2.32\pic\sources\c99\common\aodiv.c estimated size: 392

main.c
		_main          		CODE           	256A	0000	1184
		_counterHall_callback		CODE           	3DEE	0000	16

main.c estimated size: 1200

C:\Program Files\Microchip\xc8\v2.32\pic\sources\c99\common\strlen.c
		_strlen        		CODE           	3C58	0000	58

C:\Program Files\Microchip\xc8\v2.32\pic\sources\c99\common\strlen.c estimated size: 58

